2026-09-15 01:30:04,120 WARNING 'excel_loan_book_2018_2019' failed to load, skipping: Pipeline execution failed at `step=sync` with exception:

<class 'dlt.common.configuration.exceptions.ConfigFieldMissingException'>
Missing 1 field(s) in configuration `MsSqlClientConfiguration`: `credentials`
field `credentials` is itself a configuration `MsSqlCredentials` with missing field(s): `database`, `password`, `username`, `host`, `driver`
  for field `database` the following (config provider, key) were tried in order:
    (Environment Variables, EXCEL_PIPELINE__DESTINATION__MSSQL__CREDENTIALS__DATABASE)
    (Environment Variables, EXCEL_PIPELINE__DESTINATION__CREDENTIALS__DATABASE)
    (Environment Variables, EXCEL_PIPELINE__CREDENTIALS__DATABASE)
    (Environment Variables, DESTINATION__MSSQL__CREDENTIALS__DATABASE)
    (Environment Variables, DESTINATION__CREDENTIALS__DATABASE)
    (Environment Variables, CREDENTIALS__DATABASE)
  for field `password` the following (config provider, key) were tried in order:
    (Environment Variables, EXCEL_PIPELINE__DESTINATION__MSSQL__CREDENTIALS__PASSWORD)
    (Environment Variables, EXCEL_PIPELINE__DESTINATION__CREDENTIALS__PASSWORD)
    (Environment Variables, EXCEL_PIPELINE__CREDENTIALS__PASSWORD)
    (Environment Variables, DESTINATION__MSSQL__CREDENTIALS__PASSWORD)
    (Environment Variables, DESTINATION__CREDENTIALS__PASSWORD)
    (Environment Variables, CREDENTIALS__PASSWORD)
  for field `username` the following (config provider, key) were tried in order:
    (Environment Variables, EXCEL_PIPELINE__DESTINATION__MSSQL__CREDENTIALS__USERNAME)
    (Environment Variables, EXCEL_PIPELINE__DESTINATION__CREDENTIALS__USERNAME)
    (Environment Variables, EXCEL_PIPELINE__CREDENTIALS__USERNAME)
    (Environment Variables, DESTINATION__MSSQL__CREDENTIALS__USERNAME)
    (Environment Variables, DESTINATION__CREDENTIALS__USERNAME)
    (Environment Variables, CREDENTIALS__USERNAME)
  for field `host` the following (config provider, key) were tried in order:
    (Environment Variables, EXCEL_PIPELINE__DESTINATION__MSSQL__CREDENTIALS__HOST)
    (Environment Variables, EXCEL_PIPELINE__DESTINATION__CREDENTIALS__HOST)
    (Environment Variables, EXCEL_PIPELINE__CREDENTIALS__HOST)
    (Environment Variables, DESTINATION__MSSQL__CREDENTIALS__HOST)
    (Environment Variables, DESTINATION__CREDENTIALS__HOST)
    (Environment Variables, CREDENTIALS__HOST)
  for field `driver` the following (config provider, key) were tried in order:
    (Environment Variables, EXCEL_PIPELINE__DESTINATION__MSSQL__CREDENTIALS__DRIVER)
    (Environment Variables, EXCEL_PIPELINE__DESTINATION__CREDENTIALS__DRIVER)
    (Environment Variables, EXCEL_PIPELINE__CREDENTIALS__DRIVER)
    (Environment Variables, DESTINATION__MSSQL__CREDENTIALS__DRIVER)
    (Environment Variables, DESTINATION__CREDENTIALS__DRIVER)
    (Environment Variables, CREDENTIALS__DRIVER)

Provider `secrets.toml` probed but not found the following locations:
	- C:\Users\thecl\.dlt\secrets.toml
	- C:\Users\thecl\OneDrive\Desktop\creditflow-data-warehouse\.dlt\secrets.toml
WARNING: provider `secrets.toml` is empty. Locations (i.e., files) are missing or empty.
Provider `config.toml` probed but not found the following locations:
	- C:\Users\thecl\.dlt\config.toml
	- C:\Users\thecl\OneDrive\Desktop\creditflow-data-warehouse\.dlt\config.toml
WARNING: provider `config.toml` is empty. Locations (i.e., files) are missing or empty.

WARNING: Your run dir (C:\Users\thecl\OneDrive\Desktop\creditflow-data-warehouse) is different from directory of your pipeline script (c:\Users\thecl\OneDrive\Desktop\creditflow-data-warehouse\etl).
If you keep `.dlt` folder with secret files in the same directory as your pipeline script but run your script or a dlt cli command from some other folder, secrets/configs will not be found.
Learn more: https://dlthub.com/docs/general-usage/credentials/

2026-09-15 01:30:04,336 WARNING 'excel_loan_book_2020_2021' failed to load, skipping: Pipeline execution failed at `step=sync` with exception:

<class 'dlt.common.configuration.exceptions.ConfigFieldMissingException'>
Missing 1 field(s) in configuration `MsSqlClientConfiguration`: `credentials`
field `credentials` is itself a configuration `MsSqlCredentials` with missing field(s): `database`, `password`, `username`, `host`, `driver`
  for field `database` the following (config provider, key) were tried in order:
    (Environment Variables, EXCEL_PIPELINE__DESTINATION__MSSQL__CREDENTIALS__DATABASE)
    (Environment Variables, EXCEL_PIPELINE__DESTINATION__CREDENTIALS__DATABASE)
    (Environment Variables, EXCEL_PIPELINE__CREDENTIALS__DATABASE)
    (Environment Variables, DESTINATION__MSSQL__CREDENTIALS__DATABASE)
    (Environment Variables, DESTINATION__CREDENTIALS__DATABASE)
    (Environment Variables, CREDENTIALS__DATABASE)
  for field `password` the following (config provider, key) were tried in order:
    (Environment Variables, EXCEL_PIPELINE__DESTINATION__MSSQL__CREDENTIALS__PASSWORD)
    (Environment Variables, EXCEL_PIPELINE__DESTINATION__CREDENTIALS__PASSWORD)
    (Environment Variables, EXCEL_PIPELINE__CREDENTIALS__PASSWORD)
    (Environment Variables, DESTINATION__MSSQL__CREDENTIALS__PASSWORD)
    (Environment Variables, DESTINATION__CREDENTIALS__PASSWORD)
    (Environment Variables, CREDENTIALS__PASSWORD)
  for field `username` the following (config provider, key) were tried in order:
    (Environment Variables, EXCEL_PIPELINE__DESTINATION__MSSQL__CREDENTIALS__USERNAME)
    (Environment Variables, EXCEL_PIPELINE__DESTINATION__CREDENTIALS__USERNAME)
    (Environment Variables, EXCEL_PIPELINE__CREDENTIALS__USERNAME)
    (Environment Variables, DESTINATION__MSSQL__CREDENTIALS__USERNAME)
    (Environment Variables, DESTINATION__CREDENTIALS__USERNAME)
    (Environment Variables, CREDENTIALS__USERNAME)
  for field `host` the following (config provider, key) were tried in order:
    (Environment Variables, EXCEL_PIPELINE__DESTINATION__MSSQL__CREDENTIALS__HOST)
    (Environment Variables, EXCEL_PIPELINE__DESTINATION__CREDENTIALS__HOST)
    (Environment Variables, EXCEL_PIPELINE__CREDENTIALS__HOST)
    (Environment Variables, DESTINATION__MSSQL__CREDENTIALS__HOST)
    (Environment Variables, DESTINATION__CREDENTIALS__HOST)
    (Environment Variables, CREDENTIALS__HOST)
  for field `driver` the following (config provider, key) were tried in order:
    (Environment Variables, EXCEL_PIPELINE__DESTINATION__MSSQL__CREDENTIALS__DRIVER)
    (Environment Variables, EXCEL_PIPELINE__DESTINATION__CREDENTIALS__DRIVER)
    (Environment Variables, EXCEL_PIPELINE__CREDENTIALS__DRIVER)
    (Environment Variables, DESTINATION__MSSQL__CREDENTIALS__DRIVER)
    (Environment Variables, DESTINATION__CREDENTIALS__DRIVER)
    (Environment Variables, CREDENTIALS__DRIVER)

Provider `secrets.toml` probed but not found the following locations:
	- C:\Users\thecl\.dlt\secrets.toml
	- C:\Users\thecl\OneDrive\Desktop\creditflow-data-warehouse\.dlt\secrets.toml
WARNING: provider `secrets.toml` is empty. Locations (i.e., files) are missing or empty.
Provider `config.toml` probed but not found the following locations:
	- C:\Users\thecl\.dlt\config.toml
	- C:\Users\thecl\OneDrive\Desktop\creditflow-data-warehouse\.dlt\config.toml
WARNING: provider `config.toml` is empty. Locations (i.e., files) are missing or empty.

WARNING: Your run dir (C:\Users\thecl\OneDrive\Desktop\creditflow-data-warehouse) is different from directory of your pipeline script (c:\Users\thecl\OneDrive\Desktop\creditflow-data-warehouse\etl).
If you keep `.dlt` folder with secret files in the same directory as your pipeline script but run your script or a dlt cli command from some other folder, secrets/configs will not be found.
Learn more: https://dlthub.com/docs/general-usage/credentials/

2026-09-15 01:30:04,538 WARNING 'excel_loan_book_2022_2023' failed to load, skipping: Pipeline execution failed at `step=sync` with exception:

<class 'dlt.common.configuration.exceptions.ConfigFieldMissingException'>
Missing 1 field(s) in configuration `MsSqlClientConfiguration`: `credentials`
field `credentials` is itself a configuration `MsSqlCredentials` with missing field(s): `database`, `password`, `username`, `host`, `driver`
  for field `database` the following (config provider, key) were tried in order:
    (Environment Variables, EXCEL_PIPELINE__DESTINATION__MSSQL__CREDENTIALS__DATABASE)
    (Environment Variables, EXCEL_PIPELINE__DESTINATION__CREDENTIALS__DATABASE)
    (Environment Variables, EXCEL_PIPELINE__CREDENTIALS__DATABASE)
    (Environment Variables, DESTINATION__MSSQL__CREDENTIALS__DATABASE)
    (Environment Variables, DESTINATION__CREDENTIALS__DATABASE)
    (Environment Variables, CREDENTIALS__DATABASE)
  for field `password` the following (config provider, key) were tried in order:
    (Environment Variables, EXCEL_PIPELINE__DESTINATION__MSSQL__CREDENTIALS__PASSWORD)
    (Environment Variables, EXCEL_PIPELINE__DESTINATION__CREDENTIALS__PASSWORD)
    (Environment Variables, EXCEL_PIPELINE__CREDENTIALS__PASSWORD)
    (Environment Variables, DESTINATION__MSSQL__CREDENTIALS__PASSWORD)
    (Environment Variables, DESTINATION__CREDENTIALS__PASSWORD)
    (Environment Variables, CREDENTIALS__PASSWORD)
  for field `username` the following (config provider, key) were tried in order:
    (Environment Variables, EXCEL_PIPELINE__DESTINATION__MSSQL__CREDENTIALS__USERNAME)
    (Environment Variables, EXCEL_PIPELINE__DESTINATION__CREDENTIALS__USERNAME)
    (Environment Variables, EXCEL_PIPELINE__CREDENTIALS__USERNAME)
    (Environment Variables, DESTINATION__MSSQL__CREDENTIALS__USERNAME)
    (Environment Variables, DESTINATION__CREDENTIALS__USERNAME)
    (Environment Variables, CREDENTIALS__USERNAME)
  for field `host` the following (config provider, key) were tried in order:
    (Environment Variables, EXCEL_PIPELINE__DESTINATION__MSSQL__CREDENTIALS__HOST)
    (Environment Variables, EXCEL_PIPELINE__DESTINATION__CREDENTIALS__HOST)
    (Environment Variables, EXCEL_PIPELINE__CREDENTIALS__HOST)
    (Environment Variables, DESTINATION__MSSQL__CREDENTIALS__HOST)
    (Environment Variables, DESTINATION__CREDENTIALS__HOST)
    (Environment Variables, CREDENTIALS__HOST)
  for field `driver` the following (config provider, key) were tried in order:
    (Environment Variables, EXCEL_PIPELINE__DESTINATION__MSSQL__CREDENTIALS__DRIVER)
    (Environment Variables, EXCEL_PIPELINE__DESTINATION__CREDENTIALS__DRIVER)
    (Environment Variables, EXCEL_PIPELINE__CREDENTIALS__DRIVER)
    (Environment Variables, DESTINATION__MSSQL__CREDENTIALS__DRIVER)
    (Environment Variables, DESTINATION__CREDENTIALS__DRIVER)
    (Environment Variables, CREDENTIALS__DRIVER)

Provider `secrets.toml` probed but not found the following locations:
	- C:\Users\thecl\.dlt\secrets.toml
	- C:\Users\thecl\OneDrive\Desktop\creditflow-data-warehouse\.dlt\secrets.toml
WARNING: provider `secrets.toml` is empty. Locations (i.e., files) are missing or empty.
Provider `config.toml` probed but not found the following locations:
	- C:\Users\thecl\.dlt\config.toml
	- C:\Users\thecl\OneDrive\Desktop\creditflow-data-warehouse\.dlt\config.toml
WARNING: provider `config.toml` is empty. Locations (i.e., files) are missing or empty.

WARNING: Your run dir (C:\Users\thecl\OneDrive\Desktop\creditflow-data-warehouse) is different from directory of your pipeline script (c:\Users\thecl\OneDrive\Desktop\creditflow-data-warehouse\etl).
If you keep `.dlt` folder with secret files in the same directory as your pipeline script but run your script or a dlt cli command from some other folder, secrets/configs will not be found.
Learn more: https://dlthub.com/docs/general-usage/credentials/

2026-09-15 01:30:04,665 WARNING 'excel_sf_accounts' failed to load, skipping: Pipeline execution failed at `step=sync` with exception:

<class 'dlt.common.configuration.exceptions.ConfigFieldMissingException'>
Missing 1 field(s) in configuration `MsSqlClientConfiguration`: `credentials`
field `credentials` is itself a configuration `MsSqlCredentials` with missing field(s): `database`, `password`, `username`, `host`, `driver`
  for field `database` the following (config provider, key) were tried in order:
    (Environment Variables, EXCEL_PIPELINE__DESTINATION__MSSQL__CREDENTIALS__DATABASE)
    (Environment Variables, EXCEL_PIPELINE__DESTINATION__CREDENTIALS__DATABASE)
    (Environment Variables, EXCEL_PIPELINE__CREDENTIALS__DATABASE)
    (Environment Variables, DESTINATION__MSSQL__CREDENTIALS__DATABASE)
    (Environment Variables, DESTINATION__CREDENTIALS__DATABASE)
    (Environment Variables, CREDENTIALS__DATABASE)
  for field `password` the following (config provider, key) were tried in order:
    (Environment Variables, EXCEL_PIPELINE__DESTINATION__MSSQL__CREDENTIALS__PASSWORD)
    (Environment Variables, EXCEL_PIPELINE__DESTINATION__CREDENTIALS__PASSWORD)
    (Environment Variables, EXCEL_PIPELINE__CREDENTIALS__PASSWORD)
    (Environment Variables, DESTINATION__MSSQL__CREDENTIALS__PASSWORD)
    (Environment Variables, DESTINATION__CREDENTIALS__PASSWORD)
    (Environment Variables, CREDENTIALS__PASSWORD)
  for field `username` the following (config provider, key) were tried in order:
    (Environment Variables, EXCEL_PIPELINE__DESTINATION__MSSQL__CREDENTIALS__USERNAME)
    (Environment Variables, EXCEL_PIPELINE__DESTINATION__CREDENTIALS__USERNAME)
    (Environment Variables, EXCEL_PIPELINE__CREDENTIALS__USERNAME)
    (Environment Variables, DESTINATION__MSSQL__CREDENTIALS__USERNAME)
    (Environment Variables, DESTINATION__CREDENTIALS__USERNAME)
    (Environment Variables, CREDENTIALS__USERNAME)
  for field `host` the following (config provider, key) were tried in order:
    (Environment Variables, EXCEL_PIPELINE__DESTINATION__MSSQL__CREDENTIALS__HOST)
    (Environment Variables, EXCEL_PIPELINE__DESTINATION__CREDENTIALS__HOST)
    (Environment Variables, EXCEL_PIPELINE__CREDENTIALS__HOST)
    (Environment Variables, DESTINATION__MSSQL__CREDENTIALS__HOST)
    (Environment Variables, DESTINATION__CREDENTIALS__HOST)
    (Environment Variables, CREDENTIALS__HOST)
  for field `driver` the following (config provider, key) were tried in order:
    (Environment Variables, EXCEL_PIPELINE__DESTINATION__MSSQL__CREDENTIALS__DRIVER)
    (Environment Variables, EXCEL_PIPELINE__DESTINATION__CREDENTIALS__DRIVER)
    (Environment Variables, EXCEL_PIPELINE__CREDENTIALS__DRIVER)
    (Environment Variables, DESTINATION__MSSQL__CREDENTIALS__DRIVER)
    (Environment Variables, DESTINATION__CREDENTIALS__DRIVER)
    (Environment Variables, CREDENTIALS__DRIVER)

Provider `secrets.toml` probed but not found the following locations:
	- C:\Users\thecl\.dlt\secrets.toml
	- C:\Users\thecl\OneDrive\Desktop\creditflow-data-warehouse\.dlt\secrets.toml
WARNING: provider `secrets.toml` is empty. Locations (i.e., files) are missing or empty.
Provider `config.toml` probed but not found the following locations:
	- C:\Users\thecl\.dlt\config.toml
	- C:\Users\thecl\OneDrive\Desktop\creditflow-data-warehouse\.dlt\config.toml
WARNING: provider `config.toml` is empty. Locations (i.e., files) are missing or empty.

WARNING: Your run dir (C:\Users\thecl\OneDrive\Desktop\creditflow-data-warehouse) is different from directory of your pipeline script (c:\Users\thecl\OneDrive\Desktop\creditflow-data-warehouse\etl).
If you keep `.dlt` folder with secret files in the same directory as your pipeline script but run your script or a dlt cli command from some other folder, secrets/configs will not be found.
Learn more: https://dlthub.com/docs/general-usage/credentials/

2026-09-15 01:30:04,754 WARNING 'excel_sf_contacts' failed to load, skipping: Pipeline execution failed at `step=sync` with exception:

<class 'dlt.common.configuration.exceptions.ConfigFieldMissingException'>
Missing 1 field(s) in configuration `MsSqlClientConfiguration`: `credentials`
field `credentials` is itself a configuration `MsSqlCredentials` with missing field(s): `database`, `password`, `username`, `host`, `driver`
  for field `database` the following (config provider, key) were tried in order:
    (Environment Variables, EXCEL_PIPELINE__DESTINATION__MSSQL__CREDENTIALS__DATABASE)
    (Environment Variables, EXCEL_PIPELINE__DESTINATION__CREDENTIALS__DATABASE)
    (Environment Variables, EXCEL_PIPELINE__CREDENTIALS__DATABASE)
    (Environment Variables, DESTINATION__MSSQL__CREDENTIALS__DATABASE)
    (Environment Variables, DESTINATION__CREDENTIALS__DATABASE)
    (Environment Variables, CREDENTIALS__DATABASE)
  for field `password` the following (config provider, key) were tried in order:
    (Environment Variables, EXCEL_PIPELINE__DESTINATION__MSSQL__CREDENTIALS__PASSWORD)
    (Environment Variables, EXCEL_PIPELINE__DESTINATION__CREDENTIALS__PASSWORD)
    (Environment Variables, EXCEL_PIPELINE__CREDENTIALS__PASSWORD)
    (Environment Variables, DESTINATION__MSSQL__CREDENTIALS__PASSWORD)
    (Environment Variables, DESTINATION__CREDENTIALS__PASSWORD)
    (Environment Variables, CREDENTIALS__PASSWORD)
  for field `username` the following (config provider, key) were tried in order:
    (Environment Variables, EXCEL_PIPELINE__DESTINATION__MSSQL__CREDENTIALS__USERNAME)
    (Environment Variables, EXCEL_PIPELINE__DESTINATION__CREDENTIALS__USERNAME)
    (Environment Variables, EXCEL_PIPELINE__CREDENTIALS__USERNAME)
    (Environment Variables, DESTINATION__MSSQL__CREDENTIALS__USERNAME)
    (Environment Variables, DESTINATION__CREDENTIALS__USERNAME)
    (Environment Variables, CREDENTIALS__USERNAME)
  for field `host` the following (config provider, key) were tried in order:
    (Environment Variables, EXCEL_PIPELINE__DESTINATION__MSSQL__CREDENTIALS__HOST)
    (Environment Variables, EXCEL_PIPELINE__DESTINATION__CREDENTIALS__HOST)
    (Environment Variables, EXCEL_PIPELINE__CREDENTIALS__HOST)
    (Environment Variables, DESTINATION__MSSQL__CREDENTIALS__HOST)
    (Environment Variables, DESTINATION__CREDENTIALS__HOST)
    (Environment Variables, CREDENTIALS__HOST)
  for field `driver` the following (config provider, key) were tried in order:
    (Environment Variables, EXCEL_PIPELINE__DESTINATION__MSSQL__CREDENTIALS__DRIVER)
    (Environment Variables, EXCEL_PIPELINE__DESTINATION__CREDENTIALS__DRIVER)
    (Environment Variables, EXCEL_PIPELINE__CREDENTIALS__DRIVER)
    (Environment Variables, DESTINATION__MSSQL__CREDENTIALS__DRIVER)
    (Environment Variables, DESTINATION__CREDENTIALS__DRIVER)
    (Environment Variables, CREDENTIALS__DRIVER)

Provider `secrets.toml` probed but not found the following locations:
	- C:\Users\thecl\.dlt\secrets.toml
	- C:\Users\thecl\OneDrive\Desktop\creditflow-data-warehouse\.dlt\secrets.toml
WARNING: provider `secrets.toml` is empty. Locations (i.e., files) are missing or empty.
Provider `config.toml` probed but not found the following locations:
	- C:\Users\thecl\.dlt\config.toml
	- C:\Users\thecl\OneDrive\Desktop\creditflow-data-warehouse\.dlt\config.toml
WARNING: provider `config.toml` is empty. Locations (i.e., files) are missing or empty.

WARNING: Your run dir (C:\Users\thecl\OneDrive\Desktop\creditflow-data-warehouse) is different from directory of your pipeline script (c:\Users\thecl\OneDrive\Desktop\creditflow-data-warehouse\etl).
If you keep `.dlt` folder with secret files in the same directory as your pipeline script but run your script or a dlt cli command from some other folder, secrets/configs will not be found.
Learn more: https://dlthub.com/docs/general-usage/credentials/

2026-09-15 01:30:04,895 WARNING 'excel_sf_opportunities' failed to load, skipping: Pipeline execution failed at `step=sync` with exception:

<class 'dlt.common.configuration.exceptions.ConfigFieldMissingException'>
Missing 1 field(s) in configuration `MsSqlClientConfiguration`: `credentials`
field `credentials` is itself a configuration `MsSqlCredentials` with missing field(s): `database`, `password`, `username`, `host`, `driver`
  for field `database` the following (config provider, key) were tried in order:
    (Environment Variables, EXCEL_PIPELINE__DESTINATION__MSSQL__CREDENTIALS__DATABASE)
    (Environment Variables, EXCEL_PIPELINE__DESTINATION__CREDENTIALS__DATABASE)
    (Environment Variables, EXCEL_PIPELINE__CREDENTIALS__DATABASE)
    (Environment Variables, DESTINATION__MSSQL__CREDENTIALS__DATABASE)
    (Environment Variables, DESTINATION__CREDENTIALS__DATABASE)
    (Environment Variables, CREDENTIALS__DATABASE)
  for field `password` the following (config provider, key) were tried in order:
    (Environment Variables, EXCEL_PIPELINE__DESTINATION__MSSQL__CREDENTIALS__PASSWORD)
    (Environment Variables, EXCEL_PIPELINE__DESTINATION__CREDENTIALS__PASSWORD)
    (Environment Variables, EXCEL_PIPELINE__CREDENTIALS__PASSWORD)
    (Environment Variables, DESTINATION__MSSQL__CREDENTIALS__PASSWORD)
    (Environment Variables, DESTINATION__CREDENTIALS__PASSWORD)
    (Environment Variables, CREDENTIALS__PASSWORD)
  for field `username` the following (config provider, key) were tried in order:
    (Environment Variables, EXCEL_PIPELINE__DESTINATION__MSSQL__CREDENTIALS__USERNAME)
    (Environment Variables, EXCEL_PIPELINE__DESTINATION__CREDENTIALS__USERNAME)
    (Environment Variables, EXCEL_PIPELINE__CREDENTIALS__USERNAME)
    (Environment Variables, DESTINATION__MSSQL__CREDENTIALS__USERNAME)
    (Environment Variables, DESTINATION__CREDENTIALS__USERNAME)
    (Environment Variables, CREDENTIALS__USERNAME)
  for field `host` the following (config provider, key) were tried in order:
    (Environment Variables, EXCEL_PIPELINE__DESTINATION__MSSQL__CREDENTIALS__HOST)
    (Environment Variables, EXCEL_PIPELINE__DESTINATION__CREDENTIALS__HOST)
    (Environment Variables, EXCEL_PIPELINE__CREDENTIALS__HOST)
    (Environment Variables, DESTINATION__MSSQL__CREDENTIALS__HOST)
    (Environment Variables, DESTINATION__CREDENTIALS__HOST)
    (Environment Variables, CREDENTIALS__HOST)
  for field `driver` the following (config provider, key) were tried in order:
    (Environment Variables, EXCEL_PIPELINE__DESTINATION__MSSQL__CREDENTIALS__DRIVER)
    (Environment Variables, EXCEL_PIPELINE__DESTINATION__CREDENTIALS__DRIVER)
    (Environment Variables, EXCEL_PIPELINE__CREDENTIALS__DRIVER)
    (Environment Variables, DESTINATION__MSSQL__CREDENTIALS__DRIVER)
    (Environment Variables, DESTINATION__CREDENTIALS__DRIVER)
    (Environment Variables, CREDENTIALS__DRIVER)

Provider `secrets.toml` probed but not found the following locations:
	- C:\Users\thecl\.dlt\secrets.toml
	- C:\Users\thecl\OneDrive\Desktop\creditflow-data-warehouse\.dlt\secrets.toml
WARNING: provider `secrets.toml` is empty. Locations (i.e., files) are missing or empty.
Provider `config.toml` probed but not found the following locations:
	- C:\Users\thecl\.dlt\config.toml
	- C:\Users\thecl\OneDrive\Desktop\creditflow-data-warehouse\.dlt\config.toml
WARNING: provider `config.toml` is empty. Locations (i.e., files) are missing or empty.

WARNING: Your run dir (C:\Users\thecl\OneDrive\Desktop\creditflow-data-warehouse) is different from directory of your pipeline script (c:\Users\thecl\OneDrive\Desktop\creditflow-data-warehouse\etl).
If you keep `.dlt` folder with secret files in the same directory as your pipeline script but run your script or a dlt cli command from some other folder, secrets/configs will not be found.
Learn more: https://dlthub.com/docs/general-usage/credentials/

2026-09-15 01:30:05,019 WARNING 'excel_odoo_customers' failed to load, skipping: Pipeline execution failed at `step=sync` with exception:

<class 'dlt.common.configuration.exceptions.ConfigFieldMissingException'>
Missing 1 field(s) in configuration `MsSqlClientConfiguration`: `credentials`
field `credentials` is itself a configuration `MsSqlCredentials` with missing field(s): `database`, `password`, `username`, `host`, `driver`
  for field `database` the following (config provider, key) were tried in order:
    (Environment Variables, EXCEL_PIPELINE__DESTINATION__MSSQL__CREDENTIALS__DATABASE)
    (Environment Variables, EXCEL_PIPELINE__DESTINATION__CREDENTIALS__DATABASE)
    (Environment Variables, EXCEL_PIPELINE__CREDENTIALS__DATABASE)
    (Environment Variables, DESTINATION__MSSQL__CREDENTIALS__DATABASE)
    (Environment Variables, DESTINATION__CREDENTIALS__DATABASE)
    (Environment Variables, CREDENTIALS__DATABASE)
  for field `password` the following (config provider, key) were tried in order:
    (Environment Variables, EXCEL_PIPELINE__DESTINATION__MSSQL__CREDENTIALS__PASSWORD)
    (Environment Variables, EXCEL_PIPELINE__DESTINATION__CREDENTIALS__PASSWORD)
    (Environment Variables, EXCEL_PIPELINE__CREDENTIALS__PASSWORD)
    (Environment Variables, DESTINATION__MSSQL__CREDENTIALS__PASSWORD)
    (Environment Variables, DESTINATION__CREDENTIALS__PASSWORD)
    (Environment Variables, CREDENTIALS__PASSWORD)
  for field `username` the following (config provider, key) were tried in order:
    (Environment Variables, EXCEL_PIPELINE__DESTINATION__MSSQL__CREDENTIALS__USERNAME)
    (Environment Variables, EXCEL_PIPELINE__DESTINATION__CREDENTIALS__USERNAME)
    (Environment Variables, EXCEL_PIPELINE__CREDENTIALS__USERNAME)
    (Environment Variables, DESTINATION__MSSQL__CREDENTIALS__USERNAME)
    (Environment Variables, DESTINATION__CREDENTIALS__USERNAME)
    (Environment Variables, CREDENTIALS__USERNAME)
  for field `host` the following (config provider, key) were tried in order:
    (Environment Variables, EXCEL_PIPELINE__DESTINATION__MSSQL__CREDENTIALS__HOST)
    (Environment Variables, EXCEL_PIPELINE__DESTINATION__CREDENTIALS__HOST)
    (Environment Variables, EXCEL_PIPELINE__CREDENTIALS__HOST)
    (Environment Variables, DESTINATION__MSSQL__CREDENTIALS__HOST)
    (Environment Variables, DESTINATION__CREDENTIALS__HOST)
    (Environment Variables, CREDENTIALS__HOST)
  for field `driver` the following (config provider, key) were tried in order:
    (Environment Variables, EXCEL_PIPELINE__DESTINATION__MSSQL__CREDENTIALS__DRIVER)
    (Environment Variables, EXCEL_PIPELINE__DESTINATION__CREDENTIALS__DRIVER)
    (Environment Variables, EXCEL_PIPELINE__CREDENTIALS__DRIVER)
    (Environment Variables, DESTINATION__MSSQL__CREDENTIALS__DRIVER)
    (Environment Variables, DESTINATION__CREDENTIALS__DRIVER)
    (Environment Variables, CREDENTIALS__DRIVER)

Provider `secrets.toml` probed but not found the following locations:
	- C:\Users\thecl\.dlt\secrets.toml
	- C:\Users\thecl\OneDrive\Desktop\creditflow-data-warehouse\.dlt\secrets.toml
WARNING: provider `secrets.toml` is empty. Locations (i.e., files) are missing or empty.
Provider `config.toml` probed but not found the following locations:
	- C:\Users\thecl\.dlt\config.toml
	- C:\Users\thecl\OneDrive\Desktop\creditflow-data-warehouse\.dlt\config.toml
WARNING: provider `config.toml` is empty. Locations (i.e., files) are missing or empty.

WARNING: Your run dir (C:\Users\thecl\OneDrive\Desktop\creditflow-data-warehouse) is different from directory of your pipeline script (c:\Users\thecl\OneDrive\Desktop\creditflow-data-warehouse\etl).
If you keep `.dlt` folder with secret files in the same directory as your pipeline script but run your script or a dlt cli command from some other folder, secrets/configs will not be found.
Learn more: https://dlthub.com/docs/general-usage/credentials/

2026-09-15 01:30:05,129 WARNING 'excel_odoo_salesorders' failed to load, skipping: Pipeline execution failed at `step=sync` with exception:

<class 'dlt.common.configuration.exceptions.ConfigFieldMissingException'>
Missing 1 field(s) in configuration `MsSqlClientConfiguration`: `credentials`
field `credentials` is itself a configuration `MsSqlCredentials` with missing field(s): `database`, `password`, `username`, `host`, `driver`
  for field `database` the following (config provider, key) were tried in order:
    (Environment Variables, EXCEL_PIPELINE__DESTINATION__MSSQL__CREDENTIALS__DATABASE)
    (Environment Variables, EXCEL_PIPELINE__DESTINATION__CREDENTIALS__DATABASE)
    (Environment Variables, EXCEL_PIPELINE__CREDENTIALS__DATABASE)
    (Environment Variables, DESTINATION__MSSQL__CREDENTIALS__DATABASE)
    (Environment Variables, DESTINATION__CREDENTIALS__DATABASE)
    (Environment Variables, CREDENTIALS__DATABASE)
  for field `password` the following (config provider, key) were tried in order:
    (Environment Variables, EXCEL_PIPELINE__DESTINATION__MSSQL__CREDENTIALS__PASSWORD)
    (Environment Variables, EXCEL_PIPELINE__DESTINATION__CREDENTIALS__PASSWORD)
    (Environment Variables, EXCEL_PIPELINE__CREDENTIALS__PASSWORD)
    (Environment Variables, DESTINATION__MSSQL__CREDENTIALS__PASSWORD)
    (Environment Variables, DESTINATION__CREDENTIALS__PASSWORD)
    (Environment Variables, CREDENTIALS__PASSWORD)
  for field `username` the following (config provider, key) were tried in order:
    (Environment Variables, EXCEL_PIPELINE__DESTINATION__MSSQL__CREDENTIALS__USERNAME)
    (Environment Variables, EXCEL_PIPELINE__DESTINATION__CREDENTIALS__USERNAME)
    (Environment Variables, EXCEL_PIPELINE__CREDENTIALS__USERNAME)
    (Environment Variables, DESTINATION__MSSQL__CREDENTIALS__USERNAME)
    (Environment Variables, DESTINATION__CREDENTIALS__USERNAME)
    (Environment Variables, CREDENTIALS__USERNAME)
  for field `host` the following (config provider, key) were tried in order:
    (Environment Variables, EXCEL_PIPELINE__DESTINATION__MSSQL__CREDENTIALS__HOST)
    (Environment Variables, EXCEL_PIPELINE__DESTINATION__CREDENTIALS__HOST)
    (Environment Variables, EXCEL_PIPELINE__CREDENTIALS__HOST)
    (Environment Variables, DESTINATION__MSSQL__CREDENTIALS__HOST)
    (Environment Variables, DESTINATION__CREDENTIALS__HOST)
    (Environment Variables, CREDENTIALS__HOST)
  for field `driver` the following (config provider, key) were tried in order:
    (Environment Variables, EXCEL_PIPELINE__DESTINATION__MSSQL__CREDENTIALS__DRIVER)
    (Environment Variables, EXCEL_PIPELINE__DESTINATION__CREDENTIALS__DRIVER)
    (Environment Variables, EXCEL_PIPELINE__CREDENTIALS__DRIVER)
    (Environment Variables, DESTINATION__MSSQL__CREDENTIALS__DRIVER)
    (Environment Variables, DESTINATION__CREDENTIALS__DRIVER)
    (Environment Variables, CREDENTIALS__DRIVER)

Provider `secrets.toml` probed but not found the following locations:
	- C:\Users\thecl\.dlt\secrets.toml
	- C:\Users\thecl\OneDrive\Desktop\creditflow-data-warehouse\.dlt\secrets.toml
WARNING: provider `secrets.toml` is empty. Locations (i.e., files) are missing or empty.
Provider `config.toml` probed but not found the following locations:
	- C:\Users\thecl\.dlt\config.toml
	- C:\Users\thecl\OneDrive\Desktop\creditflow-data-warehouse\.dlt\config.toml
WARNING: provider `config.toml` is empty. Locations (i.e., files) are missing or empty.

WARNING: Your run dir (C:\Users\thecl\OneDrive\Desktop\creditflow-data-warehouse) is different from directory of your pipeline script (c:\Users\thecl\OneDrive\Desktop\creditflow-data-warehouse\etl).
If you keep `.dlt` folder with secret files in the same directory as your pipeline script but run your script or a dlt cli command from some other folder, secrets/configs will not be found.
Learn more: https://dlthub.com/docs/general-usage/credentials/

2026-09-15 01:30:05,213 WARNING 'excel_odoo_invoices' failed to load, skipping: Pipeline execution failed at `step=sync` with exception:

<class 'dlt.common.configuration.exceptions.ConfigFieldMissingException'>
Missing 1 field(s) in configuration `MsSqlClientConfiguration`: `credentials`
field `credentials` is itself a configuration `MsSqlCredentials` with missing field(s): `database`, `password`, `username`, `host`, `driver`
  for field `database` the following (config provider, key) were tried in order:
    (Environment Variables, EXCEL_PIPELINE__DESTINATION__MSSQL__CREDENTIALS__DATABASE)
    (Environment Variables, EXCEL_PIPELINE__DESTINATION__CREDENTIALS__DATABASE)
    (Environment Variables, EXCEL_PIPELINE__CREDENTIALS__DATABASE)
    (Environment Variables, DESTINATION__MSSQL__CREDENTIALS__DATABASE)
    (Environment Variables, DESTINATION__CREDENTIALS__DATABASE)
    (Environment Variables, CREDENTIALS__DATABASE)
  for field `password` the following (config provider, key) were tried in order:
    (Environment Variables, EXCEL_PIPELINE__DESTINATION__MSSQL__CREDENTIALS__PASSWORD)
    (Environment Variables, EXCEL_PIPELINE__DESTINATION__CREDENTIALS__PASSWORD)
    (Environment Variables, EXCEL_PIPELINE__CREDENTIALS__PASSWORD)
    (Environment Variables, DESTINATION__MSSQL__CREDENTIALS__PASSWORD)
    (Environment Variables, DESTINATION__CREDENTIALS__PASSWORD)
    (Environment Variables, CREDENTIALS__PASSWORD)
  for field `username` the following (config provider, key) were tried in order:
    (Environment Variables, EXCEL_PIPELINE__DESTINATION__MSSQL__CREDENTIALS__USERNAME)
    (Environment Variables, EXCEL_PIPELINE__DESTINATION__CREDENTIALS__USERNAME)
    (Environment Variables, EXCEL_PIPELINE__CREDENTIALS__USERNAME)
    (Environment Variables, DESTINATION__MSSQL__CREDENTIALS__USERNAME)
    (Environment Variables, DESTINATION__CREDENTIALS__USERNAME)
    (Environment Variables, CREDENTIALS__USERNAME)
  for field `host` the following (config provider, key) were tried in order:
    (Environment Variables, EXCEL_PIPELINE__DESTINATION__MSSQL__CREDENTIALS__HOST)
    (Environment Variables, EXCEL_PIPELINE__DESTINATION__CREDENTIALS__HOST)
    (Environment Variables, EXCEL_PIPELINE__CREDENTIALS__HOST)
    (Environment Variables, DESTINATION__MSSQL__CREDENTIALS__HOST)
    (Environment Variables, DESTINATION__CREDENTIALS__HOST)
    (Environment Variables, CREDENTIALS__HOST)
  for field `driver` the following (config provider, key) were tried in order:
    (Environment Variables, EXCEL_PIPELINE__DESTINATION__MSSQL__CREDENTIALS__DRIVER)
    (Environment Variables, EXCEL_PIPELINE__DESTINATION__CREDENTIALS__DRIVER)
    (Environment Variables, EXCEL_PIPELINE__CREDENTIALS__DRIVER)
    (Environment Variables, DESTINATION__MSSQL__CREDENTIALS__DRIVER)
    (Environment Variables, DESTINATION__CREDENTIALS__DRIVER)
    (Environment Variables, CREDENTIALS__DRIVER)

Provider `secrets.toml` probed but not found the following locations:
	- C:\Users\thecl\.dlt\secrets.toml
	- C:\Users\thecl\OneDrive\Desktop\creditflow-data-warehouse\.dlt\secrets.toml
WARNING: provider `secrets.toml` is empty. Locations (i.e., files) are missing or empty.
Provider `config.toml` probed but not found the following locations:
	- C:\Users\thecl\.dlt\config.toml
	- C:\Users\thecl\OneDrive\Desktop\creditflow-data-warehouse\.dlt\config.toml
WARNING: provider `config.toml` is empty. Locations (i.e., files) are missing or empty.

WARNING: Your run dir (C:\Users\thecl\OneDrive\Desktop\creditflow-data-warehouse) is different from directory of your pipeline script (c:\Users\thecl\OneDrive\Desktop\creditflow-data-warehouse\etl).
If you keep `.dlt` folder with secret files in the same directory as your pipeline script but run your script or a dlt cli command from some other folder, secrets/configs will not be found.
Learn more: https://dlthub.com/docs/general-usage/credentials/

2026-09-15 01:30:05,213 INFO run finished
