2026-09-15 01:29:00,733 WARNING 'excel_loan_book_2018_2019' failed to load, skipping: [Errno 2] No such file or directory: 'C:\\Users\\thecl\\OneDrive\\Desktop\\creditflow-data-warehouse\\source\\Excel\\Legacy_Excel.xlsx'
2026-09-15 01:29:00,734 WARNING 'excel_loan_book_2020_2021' failed to load, skipping: [Errno 2] No such file or directory: 'C:\\Users\\thecl\\OneDrive\\Desktop\\creditflow-data-warehouse\\source\\Excel\\Legacy_Excel.xlsx'
2026-09-15 01:29:00,734 WARNING 'excel_loan_book_2022_2023' failed to load, skipping: [Errno 2] No such file or directory: 'C:\\Users\\thecl\\OneDrive\\Desktop\\creditflow-data-warehouse\\source\\Excel\\Legacy_Excel.xlsx'
2026-09-15 01:29:00,734 WARNING 'excel_sf_accounts' failed to load, skipping: [Errno 2] No such file or directory: 'C:\\Users\\thecl\\OneDrive\\Desktop\\creditflow-data-warehouse\\source\\Excel\\Legacy_Excel.xlsx'
2026-09-15 01:29:00,734 WARNING 'excel_sf_contacts' failed to load, skipping: [Errno 2] No such file or directory: 'C:\\Users\\thecl\\OneDrive\\Desktop\\creditflow-data-warehouse\\source\\Excel\\Legacy_Excel.xlsx'
2026-09-15 01:29:00,737 WARNING 'excel_sf_opportunities' failed to load, skipping: [Errno 2] No such file or directory: 'C:\\Users\\thecl\\OneDrive\\Desktop\\creditflow-data-warehouse\\source\\Excel\\Legacy_Excel.xlsx'
2026-09-15 01:29:00,737 WARNING 'excel_odoo_customers' failed to load, skipping: [Errno 2] No such file or directory: 'C:\\Users\\thecl\\OneDrive\\Desktop\\creditflow-data-warehouse\\source\\Excel\\Legacy_Excel.xlsx'
2026-09-15 01:29:00,737 WARNING 'excel_odoo_salesorders' failed to load, skipping: [Errno 2] No such file or directory: 'C:\\Users\\thecl\\OneDrive\\Desktop\\creditflow-data-warehouse\\source\\Excel\\Legacy_Excel.xlsx'
2026-09-15 01:29:00,737 WARNING 'excel_odoo_invoices' failed to load, skipping: [Errno 2] No such file or directory: 'C:\\Users\\thecl\\OneDrive\\Desktop\\creditflow-data-warehouse\\source\\Excel\\Legacy_Excel.xlsx'
2026-09-15 01:29:00,737 INFO run finished
2026-09-15 01:31:13,710 WARNING 'excel_loan_book_2018_2019' failed to load, skipping: Pipeline execution failed at `step=extract` when processing package with `load_id=1789417873.462201` with exception:

<class 'dlt.common.exceptions.MissingDependencyException'>

You must install additional dependencies to run `dlt pyarrow helpers`. If you use pip you may do the following:

pip install "dlt[parquet]"

Install pyarrow to be allowed to load arrow tables, pandas DataFrames and to use parquet files.
2026-09-15 01:31:13,937 WARNING 'excel_loan_book_2020_2021' failed to load, skipping: Pipeline execution failed at `step=extract` when processing package with `load_id=1789417873.8671644` with exception:

<class 'dlt.common.exceptions.MissingDependencyException'>

You must install additional dependencies to run `dlt pyarrow helpers`. If you use pip you may do the following:

pip install "dlt[parquet]"

Install pyarrow to be allowed to load arrow tables, pandas DataFrames and to use parquet files.
2026-09-15 01:31:14,198 WARNING 'excel_loan_book_2022_2023' failed to load, skipping: Pipeline execution failed at `step=extract` when processing package with `load_id=1789417874.1605995` with exception:

<class 'dlt.common.exceptions.MissingDependencyException'>

You must install additional dependencies to run `dlt pyarrow helpers`. If you use pip you may do the following:

pip install "dlt[parquet]"

Install pyarrow to be allowed to load arrow tables, pandas DataFrames and to use parquet files.
2026-09-15 01:31:14,340 WARNING 'excel_sf_accounts' failed to load, skipping: Pipeline execution failed at `step=extract` when processing package with `load_id=1789417874.2995648` with exception:

<class 'dlt.common.exceptions.MissingDependencyException'>

You must install additional dependencies to run `dlt pyarrow helpers`. If you use pip you may do the following:

pip install "dlt[parquet]"

Install pyarrow to be allowed to load arrow tables, pandas DataFrames and to use parquet files.
2026-09-15 01:31:14,530 WARNING 'excel_sf_contacts' failed to load, skipping: Pipeline execution failed at `step=extract` when processing package with `load_id=1789417874.4557426` with exception:

<class 'dlt.common.exceptions.MissingDependencyException'>

You must install additional dependencies to run `dlt pyarrow helpers`. If you use pip you may do the following:

pip install "dlt[parquet]"

Install pyarrow to be allowed to load arrow tables, pandas DataFrames and to use parquet files.
2026-09-15 01:31:14,753 WARNING 'excel_sf_opportunities' failed to load, skipping: Pipeline execution failed at `step=extract` when processing package with `load_id=1789417874.6886442` with exception:

<class 'dlt.common.exceptions.MissingDependencyException'>

You must install additional dependencies to run `dlt pyarrow helpers`. If you use pip you may do the following:

pip install "dlt[parquet]"

Install pyarrow to be allowed to load arrow tables, pandas DataFrames and to use parquet files.
2026-09-15 01:31:14,980 WARNING 'excel_odoo_customers' failed to load, skipping: Pipeline execution failed at `step=extract` when processing package with `load_id=1789417874.910972` with exception:

<class 'dlt.common.exceptions.MissingDependencyException'>

You must install additional dependencies to run `dlt pyarrow helpers`. If you use pip you may do the following:

pip install "dlt[parquet]"

Install pyarrow to be allowed to load arrow tables, pandas DataFrames and to use parquet files.
2026-09-15 01:31:15,221 WARNING 'excel_odoo_salesorders' failed to load, skipping: Pipeline execution failed at `step=extract` when processing package with `load_id=1789417875.1425648` with exception:

<class 'dlt.common.exceptions.MissingDependencyException'>

You must install additional dependencies to run `dlt pyarrow helpers`. If you use pip you may do the following:

pip install "dlt[parquet]"

Install pyarrow to be allowed to load arrow tables, pandas DataFrames and to use parquet files.
2026-09-15 01:31:15,479 WARNING 'excel_odoo_invoices' failed to load, skipping: Pipeline execution failed at `step=extract` when processing package with `load_id=1789417875.4138877` with exception:

<class 'dlt.common.exceptions.MissingDependencyException'>

You must install additional dependencies to run `dlt pyarrow helpers`. If you use pip you may do the following:

pip install "dlt[parquet]"

Install pyarrow to be allowed to load arrow tables, pandas DataFrames and to use parquet files.
2026-09-15 01:31:15,479 INFO run finished
2026-09-15 01:32:41,165 INFO excel_loan_book_2018_2019: 9 rows loaded
2026-09-15 01:32:41,935 INFO excel_loan_book_2020_2021: 9 rows loaded
2026-09-15 01:32:42,764 INFO excel_loan_book_2022_2023: 9 rows loaded
2026-09-15 01:32:43,092 WARNING 'excel_sf_accounts' failed to load, skipping: Pipeline execution failed at `step=extract` when processing package with `load_id=1789417962.9558208` with exception:

<class 'pyarrow.lib.ArrowTypeError'>
("Expected bytes, got a 'datetime.datetime' object", 'Conversion failed for column Created_Date with type object')
2026-09-15 01:32:43,872 INFO excel_sf_contacts: 46 rows loaded
2026-09-15 01:32:44,730 INFO excel_sf_opportunities: 75 rows loaded
2026-09-15 01:32:45,583 INFO excel_odoo_customers: 31 rows loaded
2026-09-15 01:32:46,372 INFO excel_odoo_salesorders: 89 rows loaded
2026-09-15 01:32:46,614 WARNING 'excel_odoo_invoices' failed to load, skipping: Pipeline execution failed at `step=extract` when processing package with `load_id=1789417966.5428097` with exception:

<class 'pyarrow.lib.ArrowInvalid'>
("Could not convert '2,188,447' with type str: tried to convert to int64", 'Conversion failed for column Amount_Due with type object')
2026-09-15 01:32:46,614 INFO run finished
2026-09-15 01:34:32,728 INFO excel_loan_book_2018_2019: 9 rows loaded
2026-09-15 01:34:33,511 INFO excel_loan_book_2020_2021: 9 rows loaded
2026-09-15 01:34:34,362 INFO excel_loan_book_2022_2023: 9 rows loaded
2026-09-15 01:34:35,307 INFO excel_sf_accounts: 37 rows loaded
2026-09-15 01:34:36,213 INFO excel_sf_contacts: 46 rows loaded
2026-09-15 01:34:37,075 INFO excel_sf_opportunities: 75 rows loaded
2026-09-15 01:34:37,861 INFO excel_odoo_customers: 31 rows loaded
2026-09-15 01:34:38,605 INFO excel_odoo_salesorders: 89 rows loaded
2026-09-15 01:34:39,547 INFO excel_odoo_invoices: 65 rows loaded
2026-09-15 01:34:39,547 INFO run finished
