2026-09-15 02:15:47,594 INFO res_partner: 18 rows loaded
2026-09-15 02:15:47,677 INFO product_template: 0 rows loaded
2026-09-15 02:15:47,746 INFO product_product: 0 rows loaded
2026-09-15 02:15:47,756 WARNING 'sale_order' failed to load, skipping: Execution failed on sql 'SELECT * FROM "sale_order"': (psycopg2.errors.UndefinedTable) relation "sale_order" does not exist
LINE 1: SELECT * FROM "sale_order"
                      ^

[SQL: SELECT * FROM "sale_order"]
(Background on this error at: https://sqlalche.me/e/20/f405)
2026-09-15 02:15:47,765 WARNING 'sale_order_line' failed to load, skipping: Execution failed on sql 'SELECT * FROM "sale_order_line"': (psycopg2.errors.UndefinedTable) relation "sale_order_line" does not exist
LINE 1: SELECT * FROM "sale_order_line"
                      ^

[SQL: SELECT * FROM "sale_order_line"]
(Background on this error at: https://sqlalche.me/e/20/f405)
2026-09-15 02:15:49,409 INFO account_move: 202 rows loaded
2026-09-15 02:15:52,093 INFO account_move_line: 404 rows loaded
2026-09-15 02:15:52,202 INFO account_payment: 0 rows loaded
2026-09-15 02:15:52,202 INFO run finished
2026-09-15 02:20:31,480 INFO res_partner: 18 rows loaded
2026-09-15 02:20:33,372 INFO account_move: 202 rows loaded
2026-09-15 02:20:37,762 INFO account_move_line: 404 rows loaded
2026-09-15 02:20:38,130 INFO account_account: 92 rows loaded
2026-09-15 02:20:38,130 INFO run finished
2026-09-15 02:26:59,862 INFO odoo_res_partner: 18 rows loaded
2026-09-15 02:27:01,291 INFO odoo_account_move: 202 rows loaded
2026-09-15 02:27:03,917 INFO odoo_account_move_line: 404 rows loaded
2026-09-15 02:27:04,134 INFO odoo_account_account: 92 rows loaded
2026-09-15 02:27:04,134 INFO run finished
